10-11 21:54:09.539 I/chromium(15601): [1011/215409.538648:INFO:android_webview/browser/variations/variations_seed_loader.cc:67] Failed to open file for reading.: No such file or directory (2)
10-11 21:54:09.575 W/chromium(15601): [WARNING:android_webview/browser/network_service/net_helpers.cc:143] HTTP Cache size is: 20971520
10-11 21:54:09.644 I/WebViewScreen(15601): Updating URL to: http://localhost:8099/index.html
10-11 21:54:09.653 W/chromium(15641): [WARNING:content/app/android/content_main_android.cc:82] android_setCpu already initialized
10-11 21:54:09.657 W/chromium(15641): [WARNING:content/child/runtime_features.cc:556] Fenced frames cannot be enabled in this configuration. Use --enable-features=FencedFrames instead.
10-11 21:54:09.657 W/chromium(15641): [WARNING:content/child/runtime_features.cc:581] Topics cannot be enabled in this configuration. Use --enable-features=BrowsingTopics in addition.
10-11 21:54:09.657 W/chromium(15641): [WARNING:content/child/runtime_features.cc:602] SharedStorage cannot be enabled in this configuration. Use --enable-features=SharedStorageAPI in addition.
10-11 21:54:09.805 I/chromium(15601): [INFO:CONSOLE:26] "Sending request to: /status", source: http://localhost:8099/main.js (26)
10-11 21:54:09.805 I/chromium(15601): [INFO:CONSOLE:26] "Sending request to: /folders", source: http://localhost:8099/main.js (26)
10-11 21:54:09.810 I/WebViewScreen(15601): No autoStartInWebView in http://localhost:8099/index.html, skipping.
10-11 21:54:12.807 I/chromium(15601): [INFO:CONSOLE:26] "Sending request to: /status", source: http://localhost:8099/main.js (26)
10-11 21:54:15.812 I/chromium(15601): [INFO:CONSOLE:26] "Sending request to: /status", source: http://localhost:8099/main.js (26)
10-11 21:54:18.812 I/chromium(15601): [INFO:CONSOLE:26] "Sending request to: /status", source: http://localhost:8099/main.js (26)
10-11 21:54:21.806 I/chromium(15601): [INFO:CONSOLE:26] "Sending request to: /status", source: http://localhost:8099/main.js (26)
10-11 21:54:24.805 I/chromium(15601): [INFO:CONSOLE:26] "Sending request to: /status", source: http://localhost:8099/main.js (26)
10-11 21:54:25.736 I/DisplayActivity(15601): Intent extra: info.benjaminhill.localmesh.EXTRA_PATH = motion
10-11 21:54:25.749 I/WebViewScreen(15601): Updating URL to: http://localhost:8099/motion
10-11 21:54:25.772 I/WebViewScreen(15601): Found autoStartInWebView in http://localhost:8099/motion, executing.
10-11 22:42:29.225 I/chromium(15928): [INFO:components/enterprise/browser/controller/chrome_browser_cloud_management_controller.cc:283] Deferring CBCM Controller Initialization until it is unblocked.
10-11 22:42:29.279 I/chromium(15928): [INFO:components/supervised_user/core/browser/android/content_filters_observer_bridge.cc:85] ContentFiltersObserverBridge not initialized: feature disabled
10-11 22:42:29.279 I/chromium(15928): [INFO:components/supervised_user/core/browser/android/content_filters_observer_bridge.cc:85] ContentFiltersObserverBridge not initialized: feature disabled
10-11 22:42:29.281 W/chromium(15928): [WARNING:components/gcm_driver/instance_id/instance_id_android.cc:101] Non-zero TTL requested for InstanceID token, while TTLs are not supported by Android Firebase IID API.
10-11 22:42:29.281 W/chromium(15928): [WARNING:components/gcm_driver/instance_id/instance_id_android.cc:101] Non-zero TTL requested for InstanceID token, while TTLs are not supported by Android Firebase IID API.
10-11 22:42:29.630 W/chromium(15928): [WARNING:net/cert/ev_root_ca_metadata.cc:117] Not implemented
10-11 22:42:29.634 W/chromium(15928): [WARNING:net/cert/ev_root_ca_metadata.cc:117] Not implemented
10-11 22:42:29.662 W/chromium(15928): [WARNING:net/cert/ev_root_ca_metadata.cc:117] Not implemented
10-11 22:42:29.683 W/chromium(15928): [WARNING:net/cert/ev_root_ca_metadata.cc:117] Not implemented
10-11 23:19:41.668 W/chromium(15928): [WARNING:net/cert/ev_root_ca_metadata.cc:117] Not implemented
10-11 23:19:42.239 W/chromium(16362): [WARNING:content/app/android/content_main_android.cc:82] android_setCpu already initialized
10-11 23:19:42.296 W/chromium(16380): [WARNING:content/app/android/content_main_android.cc:82] android_setCpu already initialized
10-11 23:19:42.506 W/chromium(16396): [WARNING:content/app/android/content_main_android.cc:82] android_setCpu already initialized
10-11 23:19:42.609 W/chromium(16418): [WARNING:content/app/android/content_main_android.cc:82] android_setCpu already initialized
10-11 23:19:42.650 W/chromium(16438): [WARNING:content/app/android/content_main_android.cc:82] android_setCpu already initialized
10-11 23:19:42.801 W/chromium(16454): [WARNING:content/app/android/content_main_android.cc:82] android_setCpu already initialized
10-11 23:19:42.831 W/chromium(16471): [WARNING:content/app/android/content_main_android.cc:82] android_setCpu already initialized
10-11 23:19:42.858 W/chromium(15928): [WARNING:net/cert/ev_root_ca_metadata.cc:117] Not implemented
10-11 23:19:43.301 W/chromium(16489): [WARNING:content/app/android/content_main_android.cc:82] android_setCpu already initialized
10-11 23:19:43.327 W/chromium(16505): [WARNING:content/app/android/content_main_android.cc:82] android_setCpu already initialized
10-11 23:19:43.345 W/chromium(16521): [WARNING:content/app/android/content_main_android.cc:82] android_setCpu already initialized
10-11 23:19:43.895 W/chromium(16538): [WARNING:content/app/android/content_main_android.cc:82] android_setCpu already initialized
10-11 23:19:43.920 W/chromium(16554): [WARNING:content/app/android/content_main_android.cc:82] android_setCpu already initialized
10-11 23:19:43.940 W/chromium(16571): [WARNING:content/app/android/content_main_android.cc:82] android_setCpu already initialized
10-11 23:19:43.950 W/chromium(15928): [WARNING:net/cert/ev_root_ca_metadata.cc:117] Not implemented
10-11 23:19:44.067 W/chromium(16588): [WARNING:content/app/android/content_main_android.cc:82] android_setCpu already initialized
10-11 23:19:44.087 W/chromium(16605): [WARNING:content/app/android/content_main_android.cc:82] android_setCpu already initialized
10-12 04:12:49.300 W/chromium(17901): [1012/041249.299343:WARNING:components/cronet/url_request_context_config.cc:769] Unrecognized Cronet experimental option "enable_telemetry" with params "true
10-12 04:12:49.300 W/chromium(17901): 
10-12 04:31:32.560 W/chromium(18655): [1012/043132.559824:WARNING:components/cronet/url_request_context_config.cc:769] Unrecognized Cronet experimental option "enable_telemetry" with params "true
10-12 04:31:32.560 W/chromium(18655): 
ost:8099/main.js (26)
10-11 21:54:09.805 I/chromium(15601): [INFO:CONSOLE:26] "Sending request to: /folders", source: http://localhost:8099/main.js (26)
10-11 21:54:09.810 I/WebViewScreen(15601): No autoStartInWebView in http://localhost:8099/index.html, skipping.
10-11 21:54:12.807 I/chromium(15601): [INFO:CONSOLE:26] "Sending request to: /status", source: http://localhost:8099/main.js (26)
10-11 21:54:15.812 I/chromium(15601): [INFO:CONSOLE:26] "Sending request to: /status", source: http://localhost:8099/main.js (26)
10-11 21:54:18.812 I/chromium(15601): [INFO:CONSOLE:26] "Sending request to: /status", source: http://localhost:8099/main.js (26)
10-11 21:54:21.806 I/chromium(15601): [INFO:CONSOLE:26] "Sending request to: /status", source: http://localhost:8099/main.js (26)
10-11 21:54:24.805 I/chromium(15601): [INFO:CONSOLE:26] "Sending request to: /status", source: http://localhost:8099/main.js (26)
10-11 21:54:25.736 I/DisplayActivity(15601): Intent extra: info.benjaminhill.localmesh.EXTRA_PATH = motion
10-11 21:54:25.749 I/WebViewScreen(15601): Updating URL to: http://localhost:8099/motion
10-11 21:54:25.772 I/WebViewScreen(15601): Found autoStartInWebView in http://localhost:8099/motion, executing.
10-11 22:42:29.225 I/chromium(15928): [INFO:components/enterprise/browser/controller/chrome_browser_cloud_management_controller.cc:283] Deferring CBCM Controller Initialization until it is unblocked.
10-11 22:42:29.279 I/chromium(15928): [INFO:components/supervised_user/core/browser/android/content_filters_observer_bridge.cc:85] ContentFiltersObserverBridge not initialized: feature disabled
10-11 22:42:29.279 I/chromium(15928): [INFO:components/supervised_user/core/browser/android/content_filters_observer_bridge.cc:85] ContentFiltersObserverBridge not initialized: feature disabled
10-11 22:42:29.281 W/chromium(15928): [WARNING:components/gcm_driver/instance_id/instance_id_android.cc:101] Non-zero TTL requested for InstanceID token, while TTLs are not supported by Android Firebase IID API.
10-11 22:42:29.281 W/chromium(15928): [WARNING:components/gcm_driver/instance_id/instance_id_android.cc:101] Non-zero TTL requested for InstanceID token, while TTLs are not supported by Android Firebase IID API.
10-11 22:42:29.630 W/chromium(15928): [WARNING:net/cert/ev_root_ca_metadata.cc:117] Not implemented
10-11 22:42:29.634 W/chromium(15928): [WARNING:net/cert/ev_root_ca_metadata.cc:117] Not implemented
10-11 22:42:29.662 W/chromium(15928): [WARNING:net/cert/ev_root_ca_metadata.cc:117] Not implemented
10-11 22:42:29.683 W/chromium(15928): [WARNING:net/cert/ev_root_ca_metadata.cc:117] Not implemented
10-11 23:19:41.668 W/chromium(15928): [WARNING:net/cert/ev_root_ca_metadata.cc:117] Not implemented
10-11 23:19:42.239 W/chromium(16362): [WARNING:content/app/android/content_main_android.cc:82] android_setCpu already initialized
10-11 23:19:42.296 W/chromium(16380): [WARNING:content/app/android/content_main_android.cc:82] android_setCpu already initialized
10-11 23:19:42.506 W/chromium(16396): [WARNING:content/app/android/content_main_android.cc:82] android_setCpu already initialized
10-11 23:19:42.609 W/chromium(16418): [WARNING:content/app/android/content_main_android.cc:82] android_setCpu already initialized
10-11 23:19:42.650 W/chromium(16438): [WARNING:content/app/android/content_main_android.cc:82] android_setCpu already initialized
10-11 23:19:42.801 W/chromium(16454): [WARNING:content/app/android/content_main_android.cc:82] android_setCpu already initialized
10-11 23:19:42.831 W/chromium(16471): [WARNING:content/app/android/content_main_android.cc:82] android_setCpu already initialized
10-11 23:19:42.858 W/chromium(15928): [WARNING:net/cert/ev_root_ca_metadata.cc:117] Not implemented
10-11 23:19:43.301 W/chromium(16489): [WARNING:content/app/android/content_main_android.cc:82] android_setCpu already initialized
10-11 23:19:43.327 W/chromium(16505): [WARNING:content/app/android/content_main_android.cc:82] android_setCpu already initialized
10-11 23:19:43.345 W/chromium(16521): [WARNING:content/app/android/content_main_android.cc:82] android_setCpu already initialized
10-11 23:19:43.895 W/chromium(16538): [WARNING:content/app/android/content_main_android.cc:82] android_setCpu already initialized
10-11 23:19:43.920 W/chromium(16554): [WARNING:content/app/android/content_main_android.cc:82] android_setCpu already initialized
10-11 23:19:43.940 W/chromium(16571): [WARNING:content/app/android/content_main_android.cc:82] android_setCpu already initialized
10-11 23:19:43.950 W/chromium(15928): [WARNING:net/cert/ev_root_ca_metadata.cc:117] Not implemented
10-11 23:19:44.067 W/chromium(16588): [WARNING:content/app/android/content_main_android.cc:82] android_setCpu already initialized
10-11 23:19:44.087 W/chromium(16605): [WARNING:content/app/android/content_main_android.cc:82] android_setCpu already initialized
10-12 04:12:49.300 W/chromium(17901): [1012/041249.299343:WARNING:components/cronet/url_request_context_config.cc:769] Unrecognized Cronet experimental option "enable_telemetry" with params "true
10-12 04:12:49.300 W/chromium(17901): 
10-12 04:31:32.560 W/chromium(18655): [1012/043132.559824:WARNING:components/cronet/url_request_context_config.cc:769] Unrecognized Cronet experimental option "enable_telemetry" with params "true
10-12 04:31:32.560 W/chromium(18655): 
1 21:54:09.539 I/chromium(15601): [1011/215409.538648:INFO:android_webview/browser/variations/variations_seed_loader.cc:67] Failed to open file for reading.: No such file or directory (2)
10-11 21:54:09.575 W/chromium(15601): [WARNING:android_webview/browser/network_service/net_helpers.cc:143] HTTP Cache size is: 20971520
10-11 21:54:09.653 W/chromium(15641): [WARNING:content/app/android/content_main_android.cc:82] android_setCpu already initialized
10-11 21:54:09.657 W/chromium(15641): [WARNING:content/child/runtime_features.cc:556] Fenced frames cannot be enabled in this configuration. Use --enable-features=FencedFrames instead.
10-11 21:54:09.657 W/chromium(15641): [WARNING:content/child/runtime_features.cc:581] Topics cannot be enabled in this configuration. Use --enable-features=BrowsingTopics in addition.
10-11 21:54:09.657 W/chromium(15641): [WARNING:content/child/runtime_features.cc:602] SharedStorage cannot be enabled in this configuration. Use --enable-features=SharedStorageAPI in addition.
10-11 21:54:09.805 I/chromium(15601): [INFO:CONSOLE:26] "Sending request to: /status", source: http://localhost:8099/main.js (26)
10-11 21:54:09.805 I/chromium(15601): [INFO:CONSOLE:26] "Sending request to: /folders", source: http://localhost:8099/main.js (26)
10-11 21:54:12.807 I/chromium(15601): [INFO:CONSOLE:26] "Sending request to: /status", source: http://localhost:8099/main.js (26)
10-11 21:54:15.812 I/chromium(15601): [INFO:CONSOLE:26] "Sending request to: /status", source: http://localhost:8099/main.js (26)
10-11 21:54:18.812 I/chromium(15601): [INFO:CONSOLE:26] "Sending request to: /status", source: http://localhost:8099/main.js (26)
10-11 21:54:21.806 I/chromium(15601): [INFO:CONSOLE:26] "Sending request to: /status", source: http://localhost:8099/main.js (26)
10-11 21:54:24.805 I/chromium(15601): [INFO:CONSOLE:26] "Sending request to: /status", source: http://localhost:8099/main.js (26)
10-11 22:42:29.225 I/chromium(15928): [INFO:components/enterprise/browser/controller/chrome_browser_cloud_management_controller.cc:283] Deferring CBCM Controller Initialization until it is unblocked.
10-11 22:42:29.279 I/chromium(15928): [INFO:components/supervised_user/core/browser/android/content_filters_observer_bridge.cc:85] ContentFiltersObserverBridge not initialized: feature disabled
10-11 22:42:29.279 I/chromium(15928): [INFO:components/supervised_user/core/browser/android/content_filters_observer_bridge.cc:85] ContentFiltersObserverBridge not initialized: feature disabled
10-11 22:42:29.281 W/chromium(15928): [WARNING:components/gcm_driver/instance_id/instance_id_android.cc:101] Non-zero TTL requested for InstanceID token, while TTLs are not supported by Android Firebase IID API.
10-11 22:42:29.281 W/chromium(15928): [WARNING:components/gcm_driver/instance_id/instance_id_android.cc:101] Non-zero TTL requested for InstanceID token, while TTLs are not supported by Android Firebase IID API.
10-11 22:42:29.630 W/chromium(15928): [WARNING:net/cert/ev_root_ca_metadata.cc:117] Not implemented
10-11 22:42:29.634 W/chromium(15928): [WARNING:net/cert/ev_root_ca_metadata.cc:117] Not implemented
10-11 22:42:29.662 W/chromium(15928): [WARNING:net/cert/ev_root_ca_metadata.cc:117] Not implemented
10-11 22:42:29.683 W/chromium(15928): [WARNING:net/cert/ev_root_ca_metadata.cc:117] Not implemented
10-11 23:19:41.668 W/chromium(15928): [WARNING:net/cert/ev_root_ca_metadata.cc:117] Not implemented
10-11 23:19:42.239 W/chromium(16362): [WARNING:content/app/android/content_main_android.cc:82] android_setCpu already initialized
10-11 23:19:42.296 W/chromium(16380): [WARNING:content/app/android/content_main_android.cc:82] android_setCpu already initialized
10-11 23:19:42.506 W/chromium(16396): [WARNING:content/app/android/content_main_android.cc:82] android_setCpu already initialized
10-11 23:19:42.609 W/chromium(16418): [WARNING:content/app/android/content_main_android.cc:82] android_setCpu already initialized
10-11 23:19:42.650 W/chromium(16438): [WARNING:content/app/android/content_main_android.cc:82] android_setCpu already initialized
10-11 23:19:42.801 W/chromium(16454): [WARNING:content/app/android/content_main_android.cc:82] android_setCpu already initialized
10-11 23:19:42.831 W/chromium(16471): [WARNING:content/app/android/content_main_android.cc:82] android_setCpu already initialized
10-11 23:19:42.858 W/chromium(15928): [WARNING:net/cert/ev_root_ca_metadata.cc:117] Not implemented
10-11 23:19:43.301 W/chromium(16489): [WARNING:content/app/android/content_main_android.cc:82] android_setCpu already initialized
10-11 23:19:43.327 W/chromium(16505): [WARNING:content/app/android/content_main_android.cc:82] android_setCpu already initialized
10-11 23:19:43.345 W/chromium(16521): [WARNING:content/app/android/content_main_android.cc:82] android_setCpu already initialized
10-11 23:19:43.895 W/chromium(16538): [WARNING:content/app/android/content_main_android.cc:82] android_setCpu already initialized
10-11 23:19:43.920 W/chromium(16554): [WARNING:content/app/android/content_main_android.cc:82] android_setCpu already initialized
10-11 23:19:43.940 W/chromium(16571): [WARNING:content/app/android/content_main_android.cc:82] android_setCpu already initialized
10-11 23:19:43.950 W/chromium(15928): [WARNING:net/cert/ev_root_ca_metadata.cc:117] Not implemented
10-11 23:19:44.067 W/chromium(16588): [WARNING:content/app/android/content_main_android.cc:82] android_setCpu already initialized
10-11 23:19:44.087 W/chromium(16605): [WARNING:content/app/android/content_main_android.cc:82] android_setCpu already initialized
10-12 04:12:49.300 W/chromium(17901): [1012/041249.299343:WARNING:components/cronet/url_request_context_config.cc:769] Unrecognized Cronet experimental option "enable_telemetry" with params "true
10-12 04:12:49.300 W/chromium(17901): 
10-12 04:31:32.560 W/chromium(18655): [1012/043132.559824:WARNING:components/cronet/url_request_context_config.cc:769] Unrecognized Cronet experimental option "enable_telemetry" with params "true
10-12 04:31:32.560 W/chromium(18655): 
content/app/android/content_main_android.cc:82] android_setCpu already initialized
10-11 23:19:43.895 W/chromium(16538): [WARNING:content/app/android/content_main_android.cc:82] android_setCpu already initialized
10-11 23:19:43.920 W/chromium(16554): [WARNING:content/app/android/content_main_android.cc:82] android_setCpu already initialized
10-11 23:19:43.940 W/chromium(16571): [WARNING:content/app/android/content_main_android.cc:82] android_setCpu already initialized
10-11 23:19:43.950 W/chromium(15928): [WARNING:net/cert/ev_root_ca_metadata.cc:117] Not implemented
10-11 23:19:44.067 W/chromium(16588): [WARNING:content/app/android/content_main_android.cc:82] android_setCpu already initialized
10-11 23:19:44.087 W/chromium(16605): [WARNING:content/app/android/content_main_android.cc:82] android_setCpu already initialized
10-12 04:12:49.300 W/chromium(17901): [1012/041249.299343:WARNING:components/cronet/url_request_context_config.cc:769] Unrecognized Cronet experimental option "enable_telemetry" with params "true
10-12 04:12:49.300 W/chromium(17901): 
10-12 04:31:32.560 W/chromium(18655): [1012/043132.559824:WARNING:components/cronet/url_request_context_config.cc:769] Unrecognized Cronet experimental option "enable_telemetry" with params "true
10-12 04:31:32.560 W/chromium(18655): 
8 W/chromium(15928): [WARNING:net/cert/ev_root_ca_metadata.cc:117] Not implemented
10-11 23:19:43.301 W/chromium(16489): [WARNING:content/app/android/content_main_android.cc:82] android_setCpu already initialized
10-11 23:19:43.327 W/chromium(16505): [WARNING:content/app/android/content_main_android.cc:82] android_setCpu already initialized
10-11 23:19:43.345 W/chromium(16521): [WARNING:content/app/android/content_main_android.cc:82] android_setCpu already initialized
10-11 23:19:43.895 W/chromium(16538): [WARNING:content/app/android/content_main_android.cc:82] android_setCpu already initialized
10-11 23:19:43.920 W/chromium(16554): [WARNING:content/app/android/content_main_android.cc:82] android_setCpu already initialized
10-11 23:19:43.940 W/chromium(16571): [WARNING:content/app/android/content_main_android.cc:82] android_setCpu already initialized
10-11 23:19:43.950 W/chromium(15928): [WARNING:net/cert/ev_root_ca_metadata.cc:117] Not implemented
10-11 23:19:44.067 W/chromium(16588): [WARNING:content/app/android/content_main_android.cc:82] android_setCpu already initialized
10-11 23:19:44.087 W/chromium(16605): [WARNING:content/app/android/content_main_android.cc:82] android_setCpu already initialized
10-12 04:12:49.300 W/chromium(17901): [1012/041249.299343:WARNING:components/cronet/url_request_context_config.cc:769] Unrecognized Cronet experimental option "enable_telemetry" with params "true
10-12 04:12:49.300 W/chromium(17901): 
10-12 04:31:32.560 W/chromium(18655): [1012/043132.559824:WARNING:components/cronet/url_request_context_config.cc:769] Unrecognized Cronet experimental option "enable_telemetry" with params "true
10-12 04:31:32.560 W/chromium(18655): 
10-12 04:31:32.560 W/chromium(18655): [1012/043132.559824:WARNING:components/cronet/url_request_context_config.cc:769] Unrecognized Cronet experimental option "enable_telemetry" with params "true
10-12 04:31:32.560 W/chromium(18655): 
 22:42:29.683 W/chromium(15928): [WARNING:net/cert/ev_root_ca_metadata.cc:117] Not implemented
10-11 23:19:41.668 W/chromium(15928): [WARNING:net/cert/ev_root_ca_metadata.cc:117] Not implemented
10-11 23:19:42.239 W/chromium(16362): [WARNING:content/app/android/content_main_android.cc:82] android_setCpu already initialized
10-11 23:19:42.296 W/chromium(16380): [WARNING:content/app/android/content_main_android.cc:82] android_setCpu already initialized
10-11 23:19:42.506 W/chromium(16396): [WARNING:content/app/android/content_main_android.cc:82] android_setCpu already initialized
10-11 23:19:42.609 W/chromium(16418): [WARNING:content/app/android/content_main_android.cc:82] android_setCpu already initialized
10-11 23:19:42.650 W/chromium(16438): [WARNING:content/app/android/content_main_android.cc:82] android_setCpu already initialized
10-11 23:19:42.801 W/chromium(16454): [WARNING:content/app/android/content_main_android.cc:82] android_setCpu already initialized
10-11 23:19:42.831 W/chromium(16471): [WARNING:content/app/android/content_main_android.cc:82] android_setCpu already initialized
10-11 23:19:42.858 W/chromium(15928): [WARNING:net/cert/ev_root_ca_metadata.cc:117] Not implemented
10-11 23:19:43.301 W/chromium(16489): [WARNING:content/app/android/content_main_android.cc:82] android_setCpu already initialized
10-11 23:19:43.327 W/chromium(16505): [WARNING:content/app/android/content_main_android.cc:82] android_setCpu already initialized
10-11 23:19:43.345 W/chromium(16521): [WARNING:content/app/android/content_main_android.cc:82] android_setCpu already initialized
10-11 23:19:43.895 W/chromium(16538): [WARNING:content/app/android/content_main_android.cc:82] android_setCpu already initialized
10-11 23:19:43.920 W/chromium(16554): [WARNING:content/app/android/content_main_android.cc:82] android_setCpu already initialized
10-11 23:19:43.940 W/chromium(16571): [WARNING:content/app/android/content_main_android.cc:82] android_setCpu already initialized
10-11 23:19:43.950 W/chromium(15928): [WARNING:net/cert/ev_root_ca_metadata.cc:117] Not implemented
10-11 23:19:44.067 W/chromium(16588): [WARNING:content/app/android/content_main_android.cc:82] android_setCpu already initialized
10-11 23:19:44.087 W/chromium(16605): [WARNING:content/app/android/content_main_android.cc:82] android_setCpu already initialized
10-12 04:12:49.300 W/chromium(17901): [1012/041249.299343:WARNING:components/cronet/url_request_context_config.cc:769] Unrecognized Cronet experimental option "enable_telemetry" with params "true
10-12 04:12:49.300 W/chromium(17901): 
10-12 04:31:32.560 W/chromium(18655): [1012/043132.559824:WARNING:components/cronet/url_request_context_config.cc:769] Unrecognized Cronet experimental option "enable_telemetry" with params "true
10-12 04:31:32.560 W/chromium(18655): 
